[bonjourbebe.pl/index.html]
[backblue.gif]
[fade.gif]
[index.html]
[bonjourbebe.pl/css/style.css]
[bonjourbebe.pl/images/logo-pink.png]
[bonjourbebe.pl/1/index.html]
[bonjourbebe.pl/images/logo-blue.png]
[bonjourbebe.pl/index.html]
[bonjourbebe.pl/2/index.html]
[bonjourbebe.pl/css/style.css]
[bonjourbebe.pl/images/duo-bg.jpg]
[bonjourbebe.pl/1/style/style.css]
[bonjourbebe.pl/1/style/lightbox.css]
[bonjourbebe.pl/1/style/jquery-1.4.2.min.js]
[bonjourbebe.pl/1/style/scripts.js]
[bonjourbebe.pl/1/style/easySlider.js]
[bonjourbebe.pl/1/style/lightbox.js]
[bonjourbebe.pl/1/gfx/tlo.png]
[bonjourbebe.pl/1/gfx/logoTop.png]
[bonjourbebe.pl/1/kontakt.html]
[bonjourbebe.pl/1/plan_dnia.html]
[bonjourbebe.pl/1/aktualnosci.html]
[bonjourbebe.pl/1/galeria.html]
[bonjourbebe.pl/1/cennik.html]
[bonjourbebe.pl/1/miejsce.html]
[bonjourbebe.pl/1/kadra.html]
[bonjourbebe.pl/1/kuchnia.html]
[bonjourbebe.pl/1/bezpieczenstwo.html]
[bonjourbebe.pl/1/gfx/tel.png]
[bonjourbebe.pl/1/index.html]
[bonjourbebe.pl/1/gfx/facebook.png]
[bonjourbebe.pl/2/style/style.css]
[bonjourbebe.pl/2/style/lightbox.css]
[bonjourbebe.pl/2/style/scripts.js]
[bonjourbebe.pl/2/style/jquery-1.4.2.min.js]
[bonjourbebe.pl/2/style/easySlider.js]
[bonjourbebe.pl/2/style/lightbox.js]
[bonjourbebe.pl/2/gfx/tlo.png]
[bonjourbebe.pl/2/gfx/logoTop.png]
[bonjourbebe.pl/2/kontakt.html]
[bonjourbebe.pl/2/plan_dnia.html]
[bonjourbebe.pl/2/aktualnosci.html]
[bonjourbebe.pl/2/galeria.html]
[bonjourbebe.pl/2/cennik.html]
[bonjourbebe.pl/2/miejsce.html]
[bonjourbebe.pl/2/kadra.html]
[bonjourbebe.pl/2/kuchnia.html]
[bonjourbebe.pl/2/bezpieczenstwo.html]
[bonjourbebe.pl/2/gfx/tel.png]
[bonjourbebe.pl/2/index.html]
[bonjourbebe.pl/1/style/icon.html]
[bonjourbebe.pl/2/gfx/facebook.png]
[bonjourbebe.pl/1/gfx/lista.png]
[bonjourbebe.pl/1/gfx/strzalkaGaleria.png]
[bonjourbebe.pl/1/gfx/tyl.png]
[bonjourbebe.pl/1/style/style.css]
[bonjourbebe.pl/1/gfx/przod.png]
[bonjourbebe.pl/1/gfx/images/prev.png]
[bonjourbebe.pl/1/style/lightbox.css]
[bonjourbebe.pl/1/gfx/images/next.png]
[bonjourbebe.pl/1/kontakt.html]
[bonjourbebe.pl/1/plan_dnia.html]
[bonjourbebe.pl/1/gfx/tloKadra.png]
[bonjourbebe.pl/1/gfx/tloAktualnosci.png]
[bonjourbebe.pl/1/style/jquery-1.7.2.min.js]
[bonjourbebe.pl/1/aktualnosci.html]
[bonjourbebe.pl/1/gfx/tloGaleria.png]
[bonjourbebe.pl/1/gfx/galeria2/01.jpg]
[bonjourbebe.pl/1/gfx/galeria2/02.jpg]
[bonjourbebe.pl/1/gfx/galeria2/03.jpg]
[bonjourbebe.pl/1/gfx/galeria2/04.jpg]
[bonjourbebe.pl/1/gfx/galeria2/05.jpg]
[bonjourbebe.pl/1/gfx/galeria2/06.jpg]
[bonjourbebe.pl/1/gfx/galeria2/07.jpg]
[bonjourbebe.pl/1/gfx/galeria2/08.jpg]
[bonjourbebe.pl/1/gfx/galeria2/09.jpg]
[bonjourbebe.pl/1/gfx/galeria2/10.jpg]
[bonjourbebe.pl/1/gfx/galeria2/11.jpg]
[bonjourbebe.pl/1/gfx/galeria2/12.jpg]
[bonjourbebe.pl/1/gfx/galeria2/13.jpg]
[bonjourbebe.pl/1/gfx/galeria2/14.jpg]
[bonjourbebe.pl/1/gfx/galeria1/01.png]
[bonjourbebe.pl/1/gfx/galeria1/02.png]
[bonjourbebe.pl/1/gfx/galeria1/03.png]
[bonjourbebe.pl/1/gfx/galeria1/04.png]
[bonjourbebe.pl/1/gfx/galeria1/05.png]
[bonjourbebe.pl/1/gfx/galeria1/06.png]
[bonjourbebe.pl/1/gfx/galeria1/07.png]
[bonjourbebe.pl/1/gfx/galeria1/08.png]
[bonjourbebe.pl/1/gfx/galeria1/09.png]
[bonjourbebe.pl/1/gfx/galeria1/10.png]
[bonjourbebe.pl/1/gfx/galeria1/11.png]
[bonjourbebe.pl/1/gfx/galeria1/12.png]
[bonjourbebe.pl/1/gfx/galeria1/13.png]
[bonjourbebe.pl/1/gfx/galeria1/14.png]
[bonjourbebe.pl/1/gfx/galeria1/15.png]
[bonjourbebe.pl/1/gfx/galeria1/16.png]
[bonjourbebe.pl/1/gfx/galeria1/17.png]
[bonjourbebe.pl/1/gfx/galeria1/18.png]
[bonjourbebe.pl/1/galeria.html]
[bonjourbebe.pl/1/gfx/tloCennik.png]
[bonjourbebe.pl/1/cennik.html]
[bonjourbebe.pl/1/miejsce.html]
[bonjourbebe.pl/1/kadra.html]
[bonjourbebe.pl/1/kuchnia.html]
[bonjourbebe.pl/1/bezpieczenstwo.html]
[bonjourbebe.pl/2/style/icon.html]
[bonjourbebe.pl/2/gfx/lista.png]
[bonjourbebe.pl/2/gfx/strzalkaGaleria.png]
[bonjourbebe.pl/2/gfx/tyl.png]
[bonjourbebe.pl/2/style/style.css]
[bonjourbebe.pl/2/gfx/przod.png]
[bonjourbebe.pl/2/gfx/images/prev.png]
[bonjourbebe.pl/2/style/lightbox.css]
[bonjourbebe.pl/2/gfx/images/next.png]
[bonjourbebe.pl/2/kontakt.html]
[bonjourbebe.pl/2/plan_dnia.html]
[bonjourbebe.pl/2/gfx/tloKadra.png]
[bonjourbebe.pl/2/gfx/tloAktualnosci.png]
[bonjourbebe.pl/2/style/jquery-1.7.2.min.js]
[bonjourbebe.pl/2/aktualnosci.html]
[bonjourbebe.pl/2/gfx/tloGaleria.png]
[bonjourbebe.pl/2/gfx/galeria2/03.jpg]
[bonjourbebe.pl/2/gfx/galeria2/04.jpg]
[bonjourbebe.pl/2/gfx/galeria2/05.jpg]
[bonjourbebe.pl/2/gfx/galeria2/06.jpg]
[bonjourbebe.pl/2/gfx/galeria2/07.jpg]
[bonjourbebe.pl/2/gfx/galeria2/08.jpg]
[bonjourbebe.pl/2/gfx/galeria2/09.jpg]
[bonjourbebe.pl/2/gfx/galeria2/10.jpg]
[bonjourbebe.pl/2/gfx/galeria2/11.jpg]
[bonjourbebe.pl/2/gfx/galeria2/12.jpg]
[bonjourbebe.pl/2/gfx/galeria2/13.jpg]
[bonjourbebe.pl/2/gfx/galeria2/14.jpg]
[bonjourbebe.pl/2/gfx/galeria1/01.png]
[bonjourbebe.pl/2/gfx/galeria1/02.png]
[bonjourbebe.pl/2/gfx/galeria1/03.png]
[bonjourbebe.pl/2/gfx/galeria1/04.png]
[bonjourbebe.pl/2/gfx/galeria1/05.png]
[bonjourbebe.pl/2/gfx/galeria1/06.png]
[bonjourbebe.pl/2/gfx/galeria1/07.png]
[bonjourbebe.pl/2/gfx/galeria1/08.png]
[bonjourbebe.pl/2/gfx/galeria1/09.png]
[bonjourbebe.pl/2/gfx/galeria1/10.png]
[bonjourbebe.pl/2/gfx/galeria1/11.png]
[bonjourbebe.pl/2/gfx/galeria1/12.png]
[bonjourbebe.pl/2/gfx/galeria1/13.png]
[bonjourbebe.pl/2/gfx/galeria1/14.png]
[bonjourbebe.pl/2/gfx/galeria1/15.png]
[bonjourbebe.pl/2/gfx/galeria1/16.png]
[bonjourbebe.pl/2/gfx/galeria1/17.png]
[bonjourbebe.pl/2/gfx/galeria1/18.png]
[bonjourbebe.pl/2/galeria.html]
[bonjourbebe.pl/2/gfx/tloCennik.png]
[bonjourbebe.pl/2/cennik.html]
[bonjourbebe.pl/2/miejsce.html]
[bonjourbebe.pl/2/kadra.html]
[bonjourbebe.pl/2/kuchnia.html]
[bonjourbebe.pl/2/bezpieczenstwo.html]
[bonjourbebe.pl/kuchnia.html]
[bonjourbebe.pl/2/gfx/galeria2/01.html]
[bonjourbebe.pl/2/gfx/galeria2/02.html]
